2026-03-22 20:56:20,079 [INFO] Activator:176 - 


2026-03-22 20:56:20,082 [INFO] Activator:177 - !SESSION log4j initialized
2026-03-22 20:56:31,737 [INFO] LogOutputStream:77 - [STDOUT_REDIRECT] 
2026-03-22 20:56:39,333 [INFO] ApplicationProperties:184 - Using Application install path: C:\ST\STM32CubeIDE_1.18.1\STM32CubeIDE\plugins\com.st.stm32cube.common.mx_6.14.1.202504091515
2026-03-22 20:56:39,367 [INFO] DbMcusXml:78 - Set database path to: C:\ST\STM32CubeIDE_1.18.1\STM32CubeIDE\plugins\com.st.stm32cube.common.mx_6.14.1.202504091515\\db\/mcu/
2026-03-22 20:56:39,367 [INFO] ApiDb:274 - Set plugin database path to: C:\ST\STM32CubeIDE_1.18.1\STM32CubeIDE\plugins\com.st.stm32cube.common.mx_6.14.1.202504091515\\db\/plugins/boardmanager/
2026-03-22 20:56:39,367 [WARN] ApiDb:259 - Overriding images path with different value:  => C:\ST\STM32CubeIDE_1.18.1\STM32CubeIDE\plugins\com.st.stm32cube.common.mx_6.14.1.202504091515\\db\/plugins/mcufinder/images/
2026-03-22 20:56:39,387 [INFO] ApiDb:250 - Set database path to: C:\Users\Aditya\.stmcufinder\plugins\mcufinder//mcu/
2026-03-22 20:56:39,391 [INFO] DbMcusAds:125 - Set database path to: C:\Users\Aditya\.stmcufinder\plugins\mcufinder//mcu/
2026-03-22 20:56:39,393 [INFO] CrossReferenceDbSqlite:203 - Set database path to: C:\Users\Aditya\.stmcufinder\plugins\mcufinder//mcu/cs/
2026-03-22 20:56:39,577 [INFO] RulesReader:64 - Compatibility file has been processed (302 Rules)
2026-03-22 20:56:39,719 [INFO] DbMcusXml:78 - Set database path to: C:\ST\STM32CubeIDE_1.18.1\STM32CubeIDE\plugins\com.st.stm32cube.common.mx_6.14.1.202504091515\\db\/mcu/
2026-03-22 20:56:39,719 [INFO] ApiDb:274 - Set plugin database path to: C:\ST\STM32CubeIDE_1.18.1\STM32CubeIDE\plugins\com.st.stm32cube.common.mx_6.14.1.202504091515\\db\/plugins/boardmanager/
2026-03-22 20:56:39,724 [INFO] ApiDb:261 - Set plugin images path to: C:\ST\STM32CubeIDE_1.18.1\STM32CubeIDE\plugins\com.st.stm32cube.common.mx_6.14.1.202504091515\\db\/plugins/mcufinder/images/
2026-03-22 20:56:39,724 [WARN] DbFile:41 - Overriding database path with different value: C:\Users\Aditya\.stmcufinder\plugins\mcufinder/ => C:\Users\Aditya\.stmcufinder\plugins\mcufinder
2026-03-22 20:56:39,724 [INFO] ApiDb:250 - Set database path to: C:\Users\Aditya\.stmcufinder\plugins\mcufinder//mcu/
2026-03-22 20:56:39,724 [WARN] DbFile:41 - Overriding database path with different value: C:\Users\Aditya\.stmcufinder\plugins\mcufinder/ => C:\Users\Aditya\.stmcufinder\plugins\mcufinder
2026-03-22 20:56:39,724 [INFO] DbMcusAds:125 - Set database path to: C:\Users\Aditya\.stmcufinder\plugins\mcufinder//mcu/
2026-03-22 20:56:39,726 [WARN] DbFile:41 - Overriding database path with different value: C:\Users\Aditya\.stmcufinder\plugins\mcufinder/ => C:\Users\Aditya\.stmcufinder\plugins\mcufinder
2026-03-22 20:56:39,726 [WARN] DbFile:41 - Overriding database path with different value: C:\Users\Aditya\.stmcufinder\plugins\mcufinder/ => C:\Users\Aditya\.stmcufinder\plugins\mcufinder
2026-03-22 20:56:39,726 [INFO] CrossReferenceDbSqlite:203 - Set database path to: C:\Users\Aditya\.stmcufinder\plugins\mcufinder//mcu/cs/
2026-03-22 20:56:39,860 [INFO] MainPanel:272 - HeapMemory: 268435456
2026-03-22 20:56:40,047 [INFO] DbMcusXml:78 - Set database path to: C:\ST\STM32CubeIDE_1.18.1\STM32CubeIDE\plugins\com.st.stm32cube.common.mx_6.14.1.202504091515\\db\/mcu/
2026-03-22 20:56:40,047 [INFO] ApiDb:274 - Set plugin database path to: C:\ST\STM32CubeIDE_1.18.1\STM32CubeIDE\plugins\com.st.stm32cube.common.mx_6.14.1.202504091515\\db\/plugins/boardmanager/
2026-03-22 20:56:40,047 [INFO] ApiDb:261 - Set plugin images path to: C:\ST\STM32CubeIDE_1.18.1\STM32CubeIDE\plugins\com.st.stm32cube.common.mx_6.14.1.202504091515\\db\/plugins/mcufinder/images/
2026-03-22 20:56:40,049 [WARN] DbFile:41 - Overriding database path with different value: C:\Users\Aditya\.stmcufinder\plugins\mcufinder/ => C:\Users\Aditya\.stmcufinder\plugins\mcufinder
2026-03-22 20:56:40,049 [INFO] ApiDb:250 - Set database path to: C:\Users\Aditya\.stmcufinder\plugins\mcufinder//mcu/
2026-03-22 20:56:40,049 [WARN] DbFile:41 - Overriding database path with different value: C:\Users\Aditya\.stmcufinder\plugins\mcufinder/ => C:\Users\Aditya\.stmcufinder\plugins\mcufinder
2026-03-22 20:56:40,049 [INFO] DbMcusAds:125 - Set database path to: C:\Users\Aditya\.stmcufinder\plugins\mcufinder//mcu/
2026-03-22 20:56:40,049 [WARN] DbFile:41 - Overriding database path with different value: C:\Users\Aditya\.stmcufinder\plugins\mcufinder/ => C:\Users\Aditya\.stmcufinder\plugins\mcufinder
2026-03-22 20:56:40,049 [WARN] DbFile:41 - Overriding database path with different value: C:\Users\Aditya\.stmcufinder\plugins\mcufinder/ => C:\Users\Aditya\.stmcufinder\plugins\mcufinder
2026-03-22 20:56:40,049 [INFO] CrossReferenceDbSqlite:203 - Set database path to: C:\Users\Aditya\.stmcufinder\plugins\mcufinder//mcu/cs/
2026-03-22 20:56:40,082 [INFO] ApplicationProperties:184 - Using Application install path: C:\ST\STM32CubeIDE_1.18.1\STM32CubeIDE\plugins\com.st.stm32cube.common.mx_6.14.1.202504091515
2026-03-22 20:56:40,082 [INFO] PluginManage:196 - Search for loadable plugins [exclusion list=, ]
2026-03-22 20:56:40,086 [INFO] PluginManage:310 - Check plugin analytics
2026-03-22 20:56:45,429 [INFO] AnalyticsPlugin:253 - Accepted Software Licenses: 
2026-03-22 20:56:45,429 [INFO] AnalyticsPlugin:255 - Accepted CMSIS Pack Licenses: 
2026-03-22 20:56:45,429 [INFO] AnalyticsPlugin:257 - Accepted Firmware Licenses: FW.F4.1.28.0
2026-03-22 20:56:45,442 [INFO] PluginManage:359 - Loaded plugin analytics (category:tool,tabindex:-1)
2026-03-22 20:56:45,442 [INFO] PluginManage:310 - Check plugin cadmodel
2026-03-22 20:56:45,453 [INFO] CADModel:105 - Init CAD model plugin
2026-03-22 20:56:45,453 [INFO] PluginManage:359 - Loaded plugin cadmodel (category:power,tabindex:5)
2026-03-22 20:56:45,453 [INFO] PluginManage:310 - Check plugin clock
2026-03-22 20:56:45,467 [INFO] PluginManage:359 - Loaded plugin clock (category:base,tabindex:2)
2026-03-22 20:56:45,469 [INFO] PluginManage:310 - Check plugin ddr
2026-03-22 20:56:45,472 [INFO] PluginManage:359 - Loaded plugin ddr (category:tool,tabindex:6)
2026-03-22 20:56:45,472 [INFO] PluginManage:310 - Check plugin filemanager
2026-03-22 20:56:45,871 [INFO] PluginManage:359 - Loaded plugin filemanager (category:base,tabindex:10)
2026-03-22 20:56:45,871 [INFO] PluginManage:310 - Check plugin ipmanager
2026-03-22 20:56:45,886 [INFO] PluginManage:359 - Loaded plugin ipmanager (category:base,tabindex:5)
2026-03-22 20:56:45,886 [INFO] PluginManage:310 - Check plugin lpbam
2026-03-22 20:56:45,898 [INFO] PluginManage:359 - Loaded plugin lpbam (category:base,tabindex:0)
2026-03-22 20:56:45,898 [INFO] PluginManage:310 - Check plugin memorymap
2026-03-22 20:56:45,929 [INFO] PluginManage:359 - Loaded plugin memorymap (category:base,tabindex:4)
2026-03-22 20:56:45,929 [INFO] PluginManage:310 - Check plugin pinoutandconfiguration
2026-03-22 20:56:45,945 [INFO] PluginManage:359 - Loaded plugin pinoutandconfiguration (category:base,tabindex:1)
2026-03-22 20:56:45,945 [INFO] PluginManage:310 - Check plugin pinoutconfig
2026-03-22 20:56:46,111 [WARN] SupportedApi:132 - Cannot load RTOS API schema: s4s-elt-must-match.1: The content of 'definitions' must match (annotation?, (simpleType | complexType)?, (unique | key | keyref)*)). A problem was found starting at: attribute.
2026-03-22 20:56:46,372 [INFO] PluginManage:359 - Loaded plugin pinoutconfig (category:base,tabindex:0)
2026-03-22 20:56:46,372 [INFO] PluginManage:310 - Check plugin power
2026-03-22 20:56:46,389 [INFO] PluginManage:359 - Loaded plugin power (category:power,tabindex:4)
2026-03-22 20:56:46,389 [INFO] PluginManage:310 - Check plugin projectmanager
2026-03-22 20:56:46,414 [INFO] PluginManage:359 - Loaded plugin projectmanager (category:projectmanager,tabindex:4)
2026-03-22 20:56:46,414 [INFO] PluginManage:310 - Check plugin rif
2026-03-22 20:56:46,427 [INFO] PluginManage:359 - Loaded plugin rif (category:base,tabindex:3)
2026-03-22 20:56:46,427 [INFO] PluginManage:310 - Check plugin thirdparty
2026-03-22 20:56:46,683 [INFO] PluginManage:359 - Loaded plugin thirdparty (category:base,tabindex:-1)
2026-03-22 20:56:46,683 [WARN] IntegrityCheckThread:84 - waiting for thirdparty lock release [integrity check]
2026-03-22 20:56:46,779 [INFO] PluginManage:310 - Check plugin tools
2026-03-22 20:56:46,779 [INFO] IntegrityCheckThread:86 - entering critical section [integrity check]
2026-03-22 20:56:46,779 [INFO] ThirdPartyUpdaterWithRetryManager:70 - Updater plugin not ready yet. [1/15]
2026-03-22 20:56:46,781 [INFO] PluginManage:359 - Loaded plugin tools (category:base,tabindex:7)
2026-03-22 20:56:46,781 [INFO] PluginManage:310 - Check plugin tutovideos
2026-03-22 20:56:47,104 [INFO] PluginManage:359 - Loaded plugin tutovideos (category:base,tabindex:-1)
2026-03-22 20:56:47,107 [INFO] PluginManage:310 - Check plugin updater
2026-03-22 20:56:47,144 [INFO] PluginManage:359 - Loaded plugin updater (category:base,tabindex:12)
2026-03-22 20:56:47,149 [INFO] PluginManage:310 - Check plugin userauth
2026-03-22 20:56:47,157 [INFO] UserAuth:118 - Init User Auth plugin
2026-03-22 20:56:47,159 [INFO] PluginManage:359 - Loaded plugin userauth (category:base,tabindex:14)
2026-03-22 20:56:47,160 [INFO] PluginManage:283 - PluginManage : Loaded plugins [18]
2026-03-22 20:56:47,595 [INFO] PinOutPanel:1589 - setPackage(No Configuration,No Configuration)
2026-03-22 20:56:47,778 [INFO] CADModel:165 - CPN selected for project level
2026-03-22 20:56:47,778 [INFO] CADModel:114 - Register for checkConnection events
2026-03-22 20:56:47,807 [INFO] IPUIPlugin:80 - create IPUIPlugin
2026-03-22 20:56:47,807 [INFO] PluginManager:220 - loadIPPluginJar : add adc
2026-03-22 20:56:47,814 [INFO] IPUIPlugin:80 - create IPUIPlugin
2026-03-22 20:56:47,814 [INFO] PluginManager:220 - loadIPPluginJar : add aes
2026-03-22 20:56:47,819 [INFO] IPUIPlugin:80 - create IPUIPlugin
2026-03-22 20:56:47,822 [INFO] PluginManager:220 - loadIPPluginJar : add can
2026-03-22 20:56:47,822 [INFO] IPUIPlugin:80 - create IPUIPlugin
2026-03-22 20:56:47,822 [INFO] PluginManager:220 - loadIPPluginJar : add comp
2026-03-22 20:56:47,829 [INFO] IPUIPlugin:80 - create IPUIPlugin
2026-03-22 20:56:47,829 [INFO] PluginManager:220 - loadIPPluginJar : add cryp
2026-03-22 20:56:47,838 [INFO] IPUIPlugin:80 - create IPUIPlugin
2026-03-22 20:56:47,838 [INFO] PluginManager:220 - loadIPPluginJar : add ddr_ctrl_phy
2026-03-22 20:56:47,843 [INFO] IPUIPlugin:80 - create IPUIPlugin
2026-03-22 20:56:47,843 [INFO] PluginManager:220 - loadIPPluginJar : add dfsdm
2026-03-22 20:56:47,854 [INFO] IPUIPlugin:80 - create IPUIPlugin
2026-03-22 20:56:47,854 [INFO] PluginManager:220 - loadIPPluginJar : add dma
2026-03-22 20:56:47,857 [INFO] IPUIPlugin:80 - create IPUIPlugin
2026-03-22 20:56:47,857 [INFO] PluginManager:220 - loadIPPluginJar : add dma3
2026-03-22 20:56:47,863 [INFO] IPUIPlugin:80 - create IPUIPlugin
2026-03-22 20:56:47,863 [INFO] PluginManager:220 - loadIPPluginJar : add extmemmanager
2026-03-22 20:56:47,867 [INFO] IPUIPlugin:80 - create IPUIPlugin
2026-03-22 20:56:47,903 [INFO] PluginManager:220 - loadIPPluginJar : add fatfs
2026-03-22 20:56:47,910 [INFO] IPUIPlugin:80 - create IPUIPlugin
2026-03-22 20:56:47,910 [INFO] PluginManager:220 - loadIPPluginJar : add fmc
2026-03-22 20:56:47,922 [INFO] IPUIPlugin:80 - create IPUIPlugin
2026-03-22 20:56:47,922 [INFO] PluginManager:220 - loadIPPluginJar : add freertos
2026-03-22 20:56:47,922 [INFO] IPUIPlugin:80 - create IPUIPlugin
2026-03-22 20:56:47,922 [INFO] PluginManager:220 - loadIPPluginJar : add genericplugin
2026-03-22 20:56:47,929 [INFO] IPUIPlugin:80 - create IPUIPlugin
2026-03-22 20:56:47,929 [INFO] PluginManager:220 - loadIPPluginJar : add gfxmmu
2026-03-22 20:56:47,936 [INFO] IPUIPlugin:80 - create IPUIPlugin
2026-03-22 20:56:47,939 [INFO] PluginManager:220 - loadIPPluginJar : add gic
2026-03-22 20:56:47,945 [INFO] IPUIPlugin:80 - create IPUIPlugin
2026-03-22 20:56:47,945 [INFO] PluginManager:220 - loadIPPluginJar : add gpio
2026-03-22 20:56:47,951 [INFO] IPUIPlugin:80 - create IPUIPlugin
2026-03-22 20:56:47,951 [INFO] PluginManager:220 - loadIPPluginJar : add gtzc
2026-03-22 20:56:47,957 [INFO] IPUIPlugin:80 - create IPUIPlugin
2026-03-22 20:56:47,957 [INFO] PluginManager:220 - loadIPPluginJar : add hash
2026-03-22 20:56:47,963 [INFO] IPUIPlugin:80 - create IPUIPlugin
2026-03-22 20:56:47,963 [INFO] PluginManager:220 - loadIPPluginJar : add i2c
2026-03-22 20:56:47,967 [INFO] IPUIPlugin:80 - create IPUIPlugin
2026-03-22 20:56:47,967 [INFO] PluginManager:220 - loadIPPluginJar : add i2s
2026-03-22 20:56:47,970 [INFO] IPUIPlugin:80 - create IPUIPlugin
2026-03-22 20:56:47,970 [INFO] PluginManager:220 - loadIPPluginJar : add i3c
2026-03-22 20:56:47,979 [INFO] IPUIPlugin:80 - create IPUIPlugin
2026-03-22 20:56:47,981 [INFO] PluginManager:220 - loadIPPluginJar : add ipddr
2026-03-22 20:56:47,991 [INFO] IPUIPlugin:80 - create IPUIPlugin
2026-03-22 20:56:47,993 [INFO] PluginManager:220 - loadIPPluginJar : add linkedlist
2026-03-22 20:56:47,998 [INFO] IPUIPlugin:80 - create IPUIPlugin
2026-03-22 20:56:47,998 [INFO] PluginManager:220 - loadIPPluginJar : add lorawan
2026-03-22 20:56:48,003 [INFO] IPUIPlugin:80 - create IPUIPlugin
2026-03-22 20:56:48,003 [INFO] PluginManager:220 - loadIPPluginJar : add ltdc
2026-03-22 20:56:48,013 [INFO] IPUIPlugin:80 - create IPUIPlugin
2026-03-22 20:56:48,013 [INFO] PluginManager:220 - loadIPPluginJar : add mdma
2026-03-22 20:56:48,021 [INFO] IPUIPlugin:80 - create IPUIPlugin
2026-03-22 20:56:48,021 [INFO] PluginManager:220 - loadIPPluginJar : add nvic
2026-03-22 20:56:48,029 [INFO] IPUIPlugin:80 - create IPUIPlugin
2026-03-22 20:56:48,029 [INFO] PluginManager:220 - loadIPPluginJar : add opamp
2026-03-22 20:56:48,036 [INFO] IPUIPlugin:80 - create IPUIPlugin
2026-03-22 20:56:48,036 [INFO] PluginManager:220 - loadIPPluginJar : add openamp
2026-03-22 20:56:48,045 [INFO] IPUIPlugin:80 - create IPUIPlugin
2026-03-22 20:56:48,045 [INFO] PluginManager:220 - loadIPPluginJar : add pdm2pcm
2026-03-22 20:56:48,058 [INFO] IPUIPlugin:80 - create IPUIPlugin
2026-03-22 20:56:48,058 [INFO] PluginManager:220 - loadIPPluginJar : add plateformsettings
2026-03-22 20:56:48,066 [INFO] IPUIPlugin:80 - create IPUIPlugin
2026-03-22 20:56:48,067 [INFO] PluginManager:220 - loadIPPluginJar : add quadspi
2026-03-22 20:56:48,071 [INFO] IPUIPlugin:80 - create IPUIPlugin
2026-03-22 20:56:48,071 [INFO] PluginManager:220 - loadIPPluginJar : add radio
2026-03-22 20:56:48,079 [INFO] IPUIPlugin:80 - create IPUIPlugin
2026-03-22 20:56:48,079 [INFO] PluginManager:220 - loadIPPluginJar : add resmgrutility
2026-03-22 20:56:48,086 [INFO] IPUIPlugin:80 - create IPUIPlugin
2026-03-22 20:56:48,086 [INFO] PluginManager:220 - loadIPPluginJar : add sai
2026-03-22 20:56:48,093 [INFO] IPUIPlugin:80 - create IPUIPlugin
2026-03-22 20:56:48,093 [INFO] PluginManager:220 - loadIPPluginJar : add spi
2026-03-22 20:56:48,103 [INFO] IPUIPlugin:80 - create IPUIPlugin
2026-03-22 20:56:48,103 [INFO] PluginManager:220 - loadIPPluginJar : add stm32_wpan
2026-03-22 20:56:48,109 [INFO] IPUIPlugin:80 - create IPUIPlugin
2026-03-22 20:56:48,109 [INFO] PluginManager:220 - loadIPPluginJar : add tim
2026-03-22 20:56:48,115 [INFO] IPUIPlugin:80 - create IPUIPlugin
2026-03-22 20:56:48,115 [INFO] PluginManager:220 - loadIPPluginJar : add touchsensing
2026-03-22 20:56:48,121 [INFO] IPUIPlugin:80 - create IPUIPlugin
2026-03-22 20:56:48,121 [INFO] PluginManager:220 - loadIPPluginJar : add tracer_emb
2026-03-22 20:56:48,125 [INFO] IPUIPlugin:80 - create IPUIPlugin
2026-03-22 20:56:48,125 [INFO] PluginManager:220 - loadIPPluginJar : add ts
2026-03-22 20:56:48,127 [INFO] IPUIPlugin:80 - create IPUIPlugin
2026-03-22 20:56:48,129 [INFO] PluginManager:220 - loadIPPluginJar : add tsc
2026-03-22 20:56:48,131 [INFO] IPUIPlugin:80 - create IPUIPlugin
2026-03-22 20:56:48,133 [INFO] PluginManager:220 - loadIPPluginJar : add ucpd
2026-03-22 20:56:48,139 [INFO] IPUIPlugin:80 - create IPUIPlugin
2026-03-22 20:56:48,139 [INFO] PluginManager:220 - loadIPPluginJar : add usart
2026-03-22 20:56:48,146 [INFO] IPUIPlugin:80 - create IPUIPlugin
2026-03-22 20:56:48,146 [INFO] PluginManager:220 - loadIPPluginJar : add usbx
2026-03-22 20:56:48,411 [FATAL] Updater:351 - Updater called before beeing initialized
2026-03-22 20:56:48,454 [INFO] RulesReader:64 - Compatibility file has been processed (302 Rules)
2026-03-22 20:56:48,469 [INFO] RulesReader:64 - Compatibility file has been processed (302 Rules)
2026-03-22 20:56:48,490 [INFO] CADModel:165 - CPN selected for project level
2026-03-22 20:56:48,490 [INFO] CADModel:114 - Register for checkConnection events
2026-03-22 20:56:48,490 [FATAL] Updater:351 - Updater called before beeing initialized
2026-03-22 20:56:48,490 [ERROR] CADModel:125 - Updater not yet initialized, retry later 
2026-03-22 20:56:48,815 [FATAL] Updater:351 - Updater called before beeing initialized
2026-03-22 20:56:48,821 [INFO] CADModel:165 - CPN selected for project level
2026-03-22 20:56:48,829 [INFO] CADModel:114 - Register for checkConnection events
2026-03-22 20:56:48,829 [FATAL] Updater:351 - Updater called before beeing initialized
2026-03-22 20:56:48,829 [ERROR] CADModel:125 - Updater not yet initialized, retry later 
2026-03-22 20:56:48,844 [FATAL] Updater:351 - Updater called before beeing initialized
2026-03-22 20:56:49,117 [FATAL] Updater:351 - Updater called before beeing initialized
2026-03-22 20:56:49,127 [INFO] DbMcusAds:53 - JSON generation date=Thu Mar 05 15:32:52 CET 2026 (1772721172610)
2026-03-22 20:56:49,127 [FATAL] Updater:351 - Updater called before beeing initialized
2026-03-22 20:56:49,204 [WARN] DetailPanel:346 - Failed to get advertising image, set to default
2026-03-22 20:56:49,610 [FATAL] Updater:351 - Updater called before beeing initialized
2026-03-22 20:56:49,616 [FATAL] Updater:351 - Updater called before beeing initialized
2026-03-22 20:56:49,618 [FATAL] Updater:351 - Updater called before beeing initialized
2026-03-22 20:56:49,618 [WARN] DetailPanel:346 - Failed to get advertising image, set to default
2026-03-22 20:56:49,618 [FATAL] Updater:351 - Updater called before beeing initialized
2026-03-22 20:56:49,738 [ERROR] Updater:1198 - MainUpdater not yet initialized. External WinMGr cannot be set.
2026-03-22 20:56:49,752 [INFO] Updater:1134 - Updater Version found : 6.14.1
2026-03-22 20:56:49,783 [INFO] ThirdPartyUpdaterWithRetryManager:70 - Updater plugin not ready yet. [2/15]
2026-03-22 20:56:49,794 [INFO] ApplicationProperties:184 - Using Application install path: C:\ST\STM32CubeIDE_1.18.1\STM32CubeIDE\plugins\com.st.stm32cube.common.mx_6.14.1.202504091515
2026-03-22 20:56:51,397 [ERROR] LogOutputStream:75 - [STDERR_REDIRECT] Mar 22, 2026 8:56:51 PM java.util.prefs.WindowsPreferences <init>
2026-03-22 20:56:51,399 [ERROR] LogOutputStream:75 - [STDERR_REDIRECT] WARNING: Could not open/create prefs root node Software\JavaSoft\Prefs at root 0xffffffff80000002. Windows RegCreateKeyEx(...) returned error code 5.
2026-03-22 20:56:51,400 [ERROR] LogOutputStream:75 - [STDERR_REDIRECT] 
2026-03-22 20:56:52,044 [INFO] MainUpdater:2872 - connection check result : 10
2026-03-22 20:56:52,045 [INFO] MainUpdater:289 - Updater Check For Update Now.
2026-03-22 20:56:52,045 [INFO] MicroXplorer:498 - Change Database Version : DB.6.0.141
2026-03-22 20:56:52,056 [INFO] McuFinderGlobals:63 - Set McuFinder mode to 2 (CubeIDE integrated)
2026-03-22 20:56:52,058 [INFO] UserAuth:484 - Internet connection configuration mode: 1
2026-03-22 20:56:52,116 [INFO] JxBrowserEngine:152 - Initiate JxBrowser Engine with user profile folder
2026-03-22 20:56:52,324 [INFO] CheckServerUpdateThread:120 - End of CheckServer Thread
2026-03-22 20:56:53,833 [WARN] PackLoader:240 - Cannot read IP mode file for STMicroelectronics.X-CUBE-AZRTOS-H7.3.5.0
2026-03-22 20:56:53,895 [WARN] PackLoader:240 - Cannot read IP mode file for STMicroelectronics.FP-SNS-MOTENVWB1.1.4.0
2026-03-22 20:56:53,911 [WARN] PackLoader:240 - Cannot read IP mode file for STMicroelectronics.FP-ATR-ASTRA1.2.0.2
2026-03-22 20:56:53,924 [WARN] PackLoader:240 - Cannot read IP mode file for STMicroelectronics.X-CUBE-SMBUS.2.1.0
2026-03-22 20:56:53,932 [WARN] PackLoader:240 - Cannot read IP mode file for STMicroelectronics.X-CUBE-ST60.1.0.0
2026-03-22 20:56:53,982 [WARN] PackLoader:240 - Cannot read IP mode file for STMicroelectronics.X-CUBE-AZRTOS-F7.1.1.0
2026-03-22 20:56:54,001 [ERROR] Engine:466 - C:\Users\Aditya\.stm32cubemx\thirdparties\pdsc\STMicroelectronics.FP-SNS-MOTENV1.5.1.0.pdsc: PDSC version is not supported
2026-03-22 20:56:54,059 [WARN] PackLoader:240 - Cannot read IP mode file for Infineon.AIROC-Wi-Fi-Bluetooth-STM32.1.7.0
2026-03-22 20:56:54,117 [WARN] PackLoader:240 - Cannot read IP mode file for STMicroelectronics.X-CUBE-AZRTOS-H7.3.4.0
2026-03-22 20:56:54,142 [WARN] PackLoader:240 - Cannot read IP mode file for STMicroelectronics.X-CUBE-DISPLAY.3.0.0
2026-03-22 20:56:54,153 [ERROR] Engine:466 - C:\Users\Aditya\.stm32cubemx\thirdparties\pdsc\STMicroelectronics.FP-SNS-MOTENVWB1.1.5.0.pdsc: PDSC version is not supported
2026-03-22 20:56:54,167 [WARN] PackLoader:240 - Cannot read IP mode file for STMicroelectronics.X-CUBE-NFC10.1.0.0
2026-03-22 20:56:54,193 [WARN] PackLoader:240 - Cannot read IP mode file for STMicroelectronics.X-CUBE-BLEMGR.4.0.0
2026-03-22 20:56:54,207 [WARN] PackLoader:240 - Cannot read IP mode file for STMicroelectronics.X-CUBE-ST60.1.1.0
2026-03-22 20:56:54,222 [WARN] PackLoader:240 - Cannot read IP mode file for emotas.I-CUBE-CANOPEN.1.3.0
2026-03-22 20:56:54,231 [WARN] PackLoader:240 - Cannot read IP mode file for STMicroelectronics.X-CUBE-GNSS1.7.1.0
2026-03-22 20:56:54,243 [WARN] ConditionMgr:438 - getConditionDescription Invalid condition id : Cortex-A Device cause : null
2026-03-22 20:56:54,274 [WARN] ConditionMgr:1044 - genDependencies : Invalid condition id : Cortex-A Device cause : null
2026-03-22 20:56:54,275 [WARN] ConditionMgr:1044 - genDependencies : Invalid condition id : Cortex-A Device cause : null
2026-03-22 20:56:54,275 [WARN] ConditionMgr:1044 - genDependencies : Invalid condition id : Cortex-A Device cause : null
2026-03-22 20:56:54,288 [ERROR] Engine:466 - C:\Users\Aditya\.stm32cubemx\thirdparties\pdsc\STMicroelectronics.FP-SNS-STBOX1.2.1.0.pdsc: PDSC version is not supported
2026-03-22 20:56:54,300 [WARN] PackLoader:240 - Cannot read IP mode file for STMicroelectronics.FP-SNS-SMARTAG2.1.2.0
2026-03-22 20:56:54,312 [WARN] PackLoader:240 - Cannot read IP mode file for STMicroelectronics.FP-SNS-FLIGHT1.5.1.0
2026-03-22 20:56:54,339 [INFO] LogOutputStream:77 - [STDOUT_REDIRECT] 1 : Invalid condition id : UX_CORESTACK_Condition cause : null
2026-03-22 20:56:54,341 [INFO] LogOutputStream:77 - [STDOUT_REDIRECT] 1 : Invalid condition id : UX_CORESTACK_Condition cause : null
2026-03-22 20:56:54,344 [INFO] LogOutputStream:77 - [STDOUT_REDIRECT] 1 : Invalid condition id : UX_CORESTACK_Condition cause : null
2026-03-22 20:56:54,348 [INFO] LogOutputStream:77 - [STDOUT_REDIRECT] 1 : Invalid condition id : UX_CORESTACK_Condition cause : null
2026-03-22 20:56:54,350 [INFO] LogOutputStream:77 - [STDOUT_REDIRECT] 1 : Invalid condition id : UX_CORESTACK_Condition cause : null
2026-03-22 20:56:54,357 [WARN] PackLoader:240 - Cannot read IP mode file for STMicroelectronics.X-CUBE-AZRTOS-WL.2.0.0
2026-03-22 20:56:54,367 [WARN] PackLoader:240 - Cannot read IP mode file for STMicroelectronics.FP-SNS-MOTENV1.5.0.0
2026-03-22 20:56:54,457 [WARN] PackLoader:240 - Cannot read IP mode file for STMicroelectronics.X-CUBE-AZRTOS-H7RS.1.2.0
2026-03-22 20:56:54,478 [WARN] PackLoader:240 - Cannot read IP mode file for WES.I-CUBE-Cesium.1.3.0
2026-03-22 20:56:54,488 [WARN] PackLoader:240 - Cannot read IP mode file for STMicroelectronics.X-CUBE-BLE2.3.3.0
2026-03-22 20:56:54,519 [WARN] PackLoader:240 - Cannot read IP mode file for STMicroelectronics.X-CUBE-NFC9.1.0.0
2026-03-22 20:56:54,534 [WARN] PackLoader:240 - Cannot read IP mode file for wolfSSL.I-CUBE-wolfSSL.5.8.0
2026-03-22 20:56:54,546 [WARN] PackLoader:240 - Cannot read IP mode file for STMicroelectronics.X-CUBE-BLE1.7.1.0
2026-03-22 20:56:54,554 [WARN] PackLoader:240 - Cannot read IP mode file for wolfSSL.I-CUBE-wolfMQTT.1.19.2
2026-03-22 20:56:54,559 [ERROR] Engine:466 - C:\Users\Aditya\.stm32cubemx\thirdparties\pdsc\STMicroelectronics.X-CUBE-FREERTOS.1.4.0.pdsc: PDSC version is not supported
2026-03-22 20:56:54,568 [WARN] PackLoader:240 - Cannot read IP mode file for STMicroelectronics.X-CUBE-EEPRMA1.5.2.0
2026-03-22 20:56:54,581 [WARN] PackLoader:240 - Cannot read IP mode file for STMicroelectronics.X-CUBE-AI.10.1.0
2026-03-22 20:56:54,695 [WARN] PackLoader:240 - Cannot read IP mode file for STMicroelectronics.X-CUBE-MEMS1.12.0.0
2026-03-22 20:56:55,116 [WARN] PackLoader:240 - Cannot read IP mode file for STMicroelectronics.X-CUBE-AZRTOS-G0.1.1.0
2026-03-22 20:56:55,149 [WARN] PackLoader:240 - Cannot read IP mode file for STMicroelectronics.X-CUBE-SAFEA1.1.2.2
2026-03-22 20:56:55,168 [WARN] PackLoader:240 - Cannot read IP mode file for STMicroelectronics.X-CUBE-NFC4.3.0.0
2026-03-22 20:56:55,185 [WARN] PackLoader:240 - Cannot read IP mode file for EmbeddedOffice.I-CUBE-FS-RTOS.1.0.1
2026-03-22 20:56:55,198 [WARN] PackLoader:240 - Cannot read IP mode file for STMicroelectronics.X-CUBE-WB05N.2.0.0
2026-03-22 20:56:55,206 [WARN] PackLoader:240 - Cannot read IP mode file for wolfSSL.I-CUBE-wolfTPM.3.8.0
2026-03-22 20:56:55,228 [WARN] PackLoader:240 - Cannot read IP mode file for STMicroelectronics.X-CUBE-TCPP.4.2.0
2026-03-22 20:56:55,239 [WARN] PackLoader:240 - Cannot read IP mode file for RealThread.X-CUBE-RT-Thread_Nano.4.1.1
2026-03-22 20:56:55,248 [WARN] PackLoader:240 - Cannot read IP mode file for STMicroelectronics.FP-ATR-SIGFOX1.3.2.0
2026-03-22 20:56:55,258 [WARN] PackLoader:240 - Cannot read IP mode file for STMicroelectronics.X-CUBE-EEPRMA1.5.1.0
2026-03-22 20:56:55,270 [ERROR] Engine:466 - C:\Users\Aditya\.stm32cubemx\thirdparties\pdsc\STMicroelectronics.X-CUBE-FREERTOS.1.5.0.pdsc: PDSC version is not supported
2026-03-22 20:56:55,302 [WARN] PackLoader:240 - Cannot read IP mode file for ITTIA_DB.I-CUBE-ITTIADB.8.9.0
2026-03-22 20:56:55,312 [INFO] WebApp:169 - Instantiating new browser for Auth
2026-03-22 20:56:55,315 [WARN] PackLoader:240 - Cannot read IP mode file for STMicroelectronics.X-CUBE-NFC6.3.2.0
2026-03-22 20:56:55,336 [WARN] PackLoader:240 - Cannot read IP mode file for STMicroelectronics.X-CUBE-ST67W61.1.0.0
2026-03-22 20:56:55,345 [WARN] PackLoader:240 - Cannot read IP mode file for STMicroelectronics.X-CUBE-AI.10.2.0
2026-03-22 20:56:55,436 [WARN] PackLoader:240 - Cannot read IP mode file for SEGGER.I-CUBE-embOS.1.3.1
2026-03-22 20:56:55,532 [WARN] PackLoader:240 - Cannot read IP mode file for STMicroelectronics.X-CUBE-ALGOBUILD.1.4.0
2026-03-22 20:56:55,664 [WARN] PackLoader:240 - Cannot read IP mode file for STMicroelectronics.X-CUBE-MEMS1.11.3.0
2026-03-22 20:56:55,890 [WARN] PackLoader:240 - Cannot read IP mode file for STMicroelectronics.X-CUBE-PM33A1.1.0.0
2026-03-22 20:56:55,918 [WARN] PackLoader:240 - Cannot read IP mode file for STMicroelectronics.X-CUBE-AZRTOS-F4.1.1.0
2026-03-22 20:56:55,933 [WARN] PackLoader:240 - Cannot read IP mode file for Avnet-IotConnect.X-CUBE-IoTC-DA16k-PMOD.1.0.0
2026-03-22 20:56:55,942 [WARN] PackLoader:240 - Cannot read IP mode file for STMicroelectronics.X-CUBE-ISPU.2.1.0
2026-03-22 20:56:55,951 [ERROR] Engine:466 - C:\Users\Aditya\.stm32cubemx\thirdparties\pdsc\STMicroelectronics.X-CUBE-IPS.3.2.0.pdsc: PDSC version is not supported
2026-03-22 20:56:55,964 [WARN] PackLoader:240 - Cannot read IP mode file for STMicroelectronics.X-CUBE-NFC12.1.0.0
2026-03-22 20:56:56,002 [WARN] PackLoader:240 - Cannot read IP mode file for STMicroelectronics.X-CUBE-AZRTOS-L5.2.0.0
2026-03-22 20:56:56,015 [WARN] PackLoader:240 - Cannot read IP mode file for STMicroelectronics.X-CUBE-NFC6.3.1.0
2026-03-22 20:56:56,028 [WARN] PackLoader:240 - Cannot read IP mode file for STMicroelectronics.X-CUBE-FREERTOS.1.3.1
2026-03-22 20:56:56,038 [WARN] PackLoader:240 - Cannot read IP mode file for STMicroelectronics.X-CUBE-TOUCHGFX.4.26.0
2026-03-22 20:56:56,045 [WARN] PackLoader:240 - Cannot read IP mode file for STMicroelectronics.X-CUBE-TOUCHGFX.4.26.1
2026-03-22 20:56:56,069 [WARN] PackLoader:240 - Cannot read IP mode file for STMicroelectronics.FP-SNS-STAIOTCFT.1.0.0
2026-03-22 20:56:56,078 [WARN] PackLoader:240 - Cannot read IP mode file for STMicroelectronics.X-CUBE-DPower.1.3.0
2026-03-22 20:56:56,122 [WARN] ConditionMgr:438 - getConditionDescription Invalid condition id : LAN8742 Phy interface Condition cause : null
2026-03-22 20:56:56,123 [WARN] PackLoader:240 - Cannot read IP mode file for STMicroelectronics.X-CUBE-AZRTOS-L4.2.0.0
2026-03-22 20:56:56,126 [WARN] ConditionMgr:1044 - genDependencies : Invalid condition id : LAN8742 Phy interface Condition cause : null
2026-03-22 20:56:56,127 [WARN] ConditionMgr:1044 - genDependencies : Invalid condition id : LAN8742 Phy interface Condition cause : null
2026-03-22 20:56:56,128 [WARN] ConditionMgr:1044 - genDependencies : Invalid condition id : LAN8742 Phy interface Condition cause : null
2026-03-22 20:56:56,144 [WARN] PackLoader:240 - Cannot read IP mode file for STMicroelectronics.X-CUBE-SFXS2LP1.4.0.0
2026-03-22 20:56:56,151 [ERROR] Engine:466 - C:\Users\Aditya\.stm32cubemx\thirdparties\pdsc\STMicroelectronics.X-CUBE-ST67W61.1.2.0.pdsc: PDSC version is not supported
2026-03-22 20:56:56,180 [WARN] PackLoader:240 - Cannot read IP mode file for STMicroelectronics.X-CUBE-AZRTOS-H7.3.3.0
2026-03-22 20:56:56,203 [WARN] PackLoader:240 - Cannot read IP mode file for STMicroelectronics.X-CUBE-BLEMGR.4.1.0
2026-03-22 20:56:56,226 [WARN] ConditionMgr:438 - getConditionDescription Invalid condition id : UX DEVICE CLASS RTOS Condition cause : null
2026-03-22 20:56:56,227 [WARN] ConditionMgr:438 - getConditionDescription Invalid condition id : UX DEVICE CLASS RTOS Condition cause : null
2026-03-22 20:56:56,230 [WARN] PackLoader:240 - Cannot read IP mode file for STMicroelectronics.X-CUBE-AZRTOS-WB.2.0.0
2026-03-22 20:56:56,231 [WARN] ConditionMgr:1044 - genDependencies : Invalid condition id : UX DEVICE CLASS RTOS Condition cause : null
2026-03-22 20:56:56,231 [WARN] ConditionMgr:1044 - genDependencies : Invalid condition id : UX DEVICE CLASS RTOS Condition cause : null
2026-03-22 20:56:56,233 [WARN] ConditionMgr:1044 - genDependencies : Invalid condition id : UX DEVICE CLASS RTOS Condition cause : null
2026-03-22 20:56:56,233 [WARN] ConditionMgr:1044 - genDependencies : Invalid condition id : UX DEVICE CLASS RTOS Condition cause : null
2026-03-22 20:56:56,233 [WARN] ConditionMgr:1044 - genDependencies : Invalid condition id : UX DEVICE CLASS RTOS Condition cause : null
2026-03-22 20:56:56,242 [WARN] PackLoader:240 - Cannot read IP mode file for STMicroelectronics.X-CUBE-GNSS1.7.0.1
2026-03-22 20:56:56,251 [WARN] PackLoader:240 - Cannot read IP mode file for STMicroelectronics.X-CUBE-TOUCHGFX.4.25.0
2026-03-22 20:56:56,264 [WARN] PackLoader:240 - Cannot read IP mode file for STMicroelectronics.FP-SNS-STBOX1.2.0.0
2026-03-22 20:56:56,283 [WARN] PackLoader:240 - Cannot read IP mode file for STMicroelectronics.X-CUBE-STSE01.2.0.0
2026-03-22 20:56:56,306 [WARN] PackLoader:240 - Cannot read IP mode file for STMicroelectronics.X-CUBE-SUBG2.5.0.0
2026-03-22 20:56:56,341 [WARN] PackLoader:240 - Cannot read IP mode file for STMicroelectronics.X-CUBE-AZRTOS-H7RS.1.1.0
2026-03-22 20:56:56,352 [WARN] PackLoader:240 - Cannot read IP mode file for Cesanta.I-CUBE-Mongoose.7.13.0
2026-03-22 20:56:56,384 [WARN] PackLoader:240 - Cannot read IP mode file for STMicroelectronics.X-CUBE-AZRTOS-G4.2.0.0
2026-03-22 20:56:56,393 [WARN] PackLoader:240 - Cannot read IP mode file for wolfSSL.I-CUBE-wolfSSH.1.4.20
2026-03-22 20:56:56,402 [WARN] PackLoader:240 - Cannot read IP mode file for STMicroelectronics.X-CUBE-NFC7.2.0.0
2026-03-22 20:56:56,425 [WARN] PackLoader:240 - Cannot read IP mode file for STMicroelectronics.X-CUBE-IPS.3.1.0
2026-03-22 20:56:56,441 [WARN] PackLoader:240 - Cannot read IP mode file for STMicroelectronics.X-CUBE-ALS.1.0.2
2026-03-22 20:56:56,453 [WARN] PackLoader:240 - Cannot read IP mode file for portGmbH.I-Cube-SoM-uGOAL.1.1.0
2026-03-22 20:56:56,469 [WARN] PackLoader:240 - Cannot read IP mode file for STMicroelectronics.X-CUBE-TOF1.3.4.3
2026-03-22 20:56:56,487 [INFO] ThirdParty:978 - Integrity check success = true
2026-03-22 20:56:56,488 [INFO] IntegrityCheckThread:100 - exiting critical section [integrity check]
2026-03-22 20:56:56,488 [INFO] IntegrityCheckThread:103 - End integrity checks thread
2026-03-22 20:56:57,967 [INFO] WebApp:463 - Apply proxy settings
2026-03-22 20:56:57,967 [INFO] WebApp:548 - Chromium requires no authentication
2026-03-22 20:56:58,266 [INFO] WebApp:491 - Direct internet connection detected
2026-03-22 20:56:58,326 [INFO] WebApp:894 - Register for checkConnection events
2026-03-22 20:56:58,327 [INFO] WebApp:463 - Apply proxy settings
2026-03-22 20:56:58,327 [INFO] WebApp:548 - Chromium requires no authentication
2026-03-22 20:56:58,329 [INFO] WebApp:491 - Direct internet connection detected
2026-03-22 20:56:58,727 [INFO] WebApp:225 - Starting web application
2026-03-22 20:56:58,727 [INFO] WebApp:593 - Web application path used C:\ST\STM32CubeIDE_1.18.1\STM32CubeIDE\plugins\com.st.stm32cube.common.mx_6.14.1.202504091515\db\plugins\mcufinder\reactClient1\index.html
2026-03-22 20:56:59,186 [INFO] WebApp:191 - Connection restablished
2026-03-22 20:56:59,271 [INFO] UserAuth:484 - Internet connection configuration mode: 1
2026-03-22 20:56:59,561 [ERROR] LogOutputStream:75 - [STDERR_REDIRECT] [Fatal Error] :1:1: Premature end of file.
2026-03-22 20:56:59,562 [ERROR] LogOutputStream:75 - [STDERR_REDIRECT] 
2026-03-22 20:57:00,388 [ERROR] LogOutputStream:75 - [STDERR_REDIRECT] [Fatal Error] :1:1: Premature end of file.
2026-03-22 20:57:00,388 [ERROR] LogOutputStream:75 - [STDERR_REDIRECT] 
2026-03-22 20:57:01,407 [ERROR] LogOutputStream:75 - [STDERR_REDIRECT] [Fatal Error] :1:1: Premature end of file.
2026-03-22 20:57:01,408 [ERROR] LogOutputStream:75 - [STDERR_REDIRECT] 
2026-03-22 20:57:02,502 [ERROR] LogOutputStream:75 - [STDERR_REDIRECT] [Fatal Error] :1:1: Premature end of file.
2026-03-22 20:57:02,502 [ERROR] LogOutputStream:75 - [STDERR_REDIRECT] 
2026-03-22 20:57:03,517 [ERROR] LogOutputStream:75 - [STDERR_REDIRECT] [Fatal Error] :1:1: Premature end of file.
2026-03-22 20:57:03,517 [ERROR] LogOutputStream:75 - [STDERR_REDIRECT] 
2026-03-22 20:57:04,518 [ERROR] LogOutputStream:75 - [STDERR_REDIRECT] [Fatal Error] :1:1: Premature end of file.
2026-03-22 20:57:04,518 [ERROR] LogOutputStream:75 - [STDERR_REDIRECT] 
2026-03-22 20:57:05,652 [ERROR] LogOutputStream:75 - [STDERR_REDIRECT] [Fatal Error] :1:1: Premature end of file.
2026-03-22 20:57:05,653 [ERROR] LogOutputStream:75 - [STDERR_REDIRECT] 
2026-03-22 20:57:06,487 [ERROR] LogOutputStream:75 - [STDERR_REDIRECT] [Fatal Error] :1:1: Premature end of file.
2026-03-22 20:57:06,488 [ERROR] LogOutputStream:75 - [STDERR_REDIRECT] 
2026-03-22 20:57:07,461 [ERROR] LogOutputStream:75 - [STDERR_REDIRECT] [Fatal Error] :1:1: Premature end of file.
2026-03-22 20:57:07,461 [ERROR] LogOutputStream:75 - [STDERR_REDIRECT] 
2026-03-22 20:57:08,500 [ERROR] LogOutputStream:75 - [STDERR_REDIRECT] [Fatal Error] :1:1: Premature end of file.
2026-03-22 20:57:08,501 [ERROR] LogOutputStream:75 - [STDERR_REDIRECT] 
2026-03-22 20:57:09,498 [ERROR] LogOutputStream:75 - [STDERR_REDIRECT] [Fatal Error] :1:1: Premature end of file.
2026-03-22 20:57:09,499 [ERROR] LogOutputStream:75 - [STDERR_REDIRECT] 
2026-03-22 20:57:10,477 [ERROR] LogOutputStream:75 - [STDERR_REDIRECT] [Fatal Error] :1:1: Premature end of file.
2026-03-22 20:57:10,478 [ERROR] LogOutputStream:75 - [STDERR_REDIRECT] 
2026-03-22 20:57:11,428 [ERROR] LogOutputStream:75 - [STDERR_REDIRECT] [Fatal Error] :1:1: Premature end of file.
2026-03-22 20:57:11,428 [ERROR] LogOutputStream:75 - [STDERR_REDIRECT] 
2026-03-22 20:57:12,474 [ERROR] LogOutputStream:75 - [STDERR_REDIRECT] [Fatal Error] :1:1: Premature end of file.
2026-03-22 20:57:12,474 [ERROR] LogOutputStream:75 - [STDERR_REDIRECT] 
2026-03-22 20:57:13,524 [ERROR] LogOutputStream:75 - [STDERR_REDIRECT] [Fatal Error] :1:1: Premature end of file.
2026-03-22 20:57:13,524 [ERROR] LogOutputStream:75 - [STDERR_REDIRECT] 
2026-03-22 20:57:14,537 [ERROR] LogOutputStream:75 - [STDERR_REDIRECT] [Fatal Error] :1:1: Premature end of file.
2026-03-22 20:57:14,538 [ERROR] LogOutputStream:75 - [STDERR_REDIRECT] 
2026-03-22 20:57:15,729 [ERROR] LogOutputStream:75 - [STDERR_REDIRECT] [Fatal Error] :1:1: Premature end of file.
2026-03-22 20:57:15,730 [ERROR] LogOutputStream:75 - [STDERR_REDIRECT] 
2026-03-22 20:57:16,539 [ERROR] LogOutputStream:75 - [STDERR_REDIRECT] [Fatal Error] :1:1: Premature end of file.
2026-03-22 20:57:16,540 [ERROR] LogOutputStream:75 - [STDERR_REDIRECT] 
2026-03-22 20:57:17,388 [ERROR] LogOutputStream:75 - [STDERR_REDIRECT] 
