22:38:29 **** Incremental Build of configuration Debug for project HelloWorld ****
make -j4 all 
arm-none-eabi-size  HelloWorld.elf 
   text	   data	    bss	    dec	    hex	filename
   4872	     92	   1900	   6864	   1ad0	HelloWorld.elf
Finished building: default.size.stdout
 
22:38:57 **** Incremental Build of configuration Debug for project HelloWorld ****
make -j4 all 
arm-none-eabi-size  HelloWorld.elf 
   text	   data	    bss	    dec	    hex	filename
   4872	     92	   1900	   6864	   1ad0	HelloWorld.elf
Finished building: default.size.stdout
 
22:41:04 **** Incremental Build of configuration Debug for project HelloWorld ****
make -j4 all 
arm-none-eabi-size  HelloWorld.elf 
   text	   data	    bss	    dec	    hex	filename
   4872	     92	   1900	   6864	   1ad0	HelloWorld.elf
Finished building: default.size.stdout
 
