23:03:48 **** Incremental Build of configuration Debug for project stm32_f4xx_Driver ****
make -j4 all 
arm-none-eabi-gcc "../Src/main.c" -mcpu=cortex-m4 -std=gnu11 -g3 -DDEBUG -DSTM32 -DSTM32F4 -DSTM32F446RETx -DNUCLEO_F446RE -c -I../Inc -I"D:/Courses/STM32-Driver-Developement/stm32_f4xx_Driver/Drivers/Inc" -O0 -ffunction-sections -fdata-sections -Wall -fstack-usage -fcyclomatic-complexity -MMD -MP -MF"Src/main.d" -MT"Src/main.o" --specs=nano.specs -mfloat-abi=soft -mthumb -o "Src/main.o"
arm-none-eabi-gcc "../Src/syscalls.c" -mcpu=cortex-m4 -std=gnu11 -g3 -DDEBUG -DSTM32 -DSTM32F4 -DSTM32F446RETx -DNUCLEO_F446RE -c -I../Inc -I"D:/Courses/STM32-Driver-Developement/stm32_f4xx_Driver/Drivers/Inc" -O0 -ffunction-sections -fdata-sections -Wall -fstack-usage -fcyclomatic-complexity -MMD -MP -MF"Src/syscalls.d" -MT"Src/syscalls.o" --specs=nano.specs -mfloat-abi=soft -mthumb -o "Src/syscalls.o"
arm-none-eabi-gcc "../Src/sysmem.c" -mcpu=cortex-m4 -std=gnu11 -g3 -DDEBUG -DSTM32 -DSTM32F4 -DSTM32F446RETx -DNUCLEO_F446RE -c -I../Inc -I"D:/Courses/STM32-Driver-Developement/stm32_f4xx_Driver/Drivers/Inc" -O0 -ffunction-sections -fdata-sections -Wall -fstack-usage -fcyclomatic-complexity -MMD -MP -MF"Src/sysmem.d" -MT"Src/sysmem.o" --specs=nano.specs -mfloat-abi=soft -mthumb -o "Src/sysmem.o"
arm-none-eabi-gcc -o "stm32_f4xx_Driver.elf" @"objects.list"   -mcpu=cortex-m4 -T"D:\Courses\STM32-Driver-Developement\stm32_f4xx_Driver\STM32F446RETX_FLASH.ld" --specs=nosys.specs -Wl,-Map="stm32_f4xx_Driver.map" -Wl,--gc-sections -static --specs=nano.specs -mfloat-abi=soft -mthumb -Wl,--start-group -lc -lm -Wl,--end-group
Finished building target: stm32_f4xx_Driver.elf
 
arm-none-eabi-size  stm32_f4xx_Driver.elf 
arm-none-eabi-objdump -h -S stm32_f4xx_Driver.elf  > "stm32_f4xx_Driver.list"
   text	   data	    bss	    dec	    hex	filename
    712	      0	   1568	   2280	    8e8	stm32_f4xx_Driver.elf
Finished building: default.size.stdout
 
Finished building: stm32_f4xx_Driver.list
 
